I'm sorry, but errors were detected in your script. Please correct the
errors listed below, and try again.


File "game/script.rpy", line 123: choice menuitem expects a non-empty block.
    "Выпить кофе и продолжить работать":
                        ^

Ren'Py Version: Ren'Py 8.4.1.25072401
Wed Oct 15 20:48:42 2025
